node.exe : Error: Could not find a config file based on provided 
values:
At line:1 char:1
+ & "C:\Program Files\nodejs/node.exe" "C:\Program 
Files\nodejs/node_mo ...
+ ~~~~~~~~~~~~~~~~~~~~~~~~~~~~~~~~~~~~~~~~~~~~~~~~~~~~~~~~~~~~~~~~~~
~~~
    + CategoryInfo          : NotSpecified: (Error: Could no...rovi 
   ded values::String) [], RemoteException
    + FullyQualifiedErrorId : NativeCommandError
 
path: "C:\Users\Abc\Desktop\CSR\Stairs-new"
cwd: "C:\Users\Abc\Desktop\CSR\Stairs-new"
Config paths must be specified by either a direct path to a config
file, or a path to a directory. If directory is given, Jest will 
try to
traverse directory tree up, until it finds one of those files in 
exact order: "jest.config.js" or "jest.config.ts" or 
"jest.config.mjs" or "jest.config.cjs" or "jest.config.cts" or 
"jest.config.json".
    at resolveConfigPathByTraversing (C:\Users\Abc\AppData\Local\npm
-cache\_npx\b8d86e6551a4f492\node_modules\jest-config\build\index.js
:2493:11)
    at resolveConfigPathByTraversing (C:\Users\Abc\AppData\Local\npm
-cache\_npx\b8d86e6551a4f492\node_modules\jest-config\build\index.js
:2497:10)
    at resolveConfigPathByTraversing (C:\Users\Abc\AppData\Local\npm
-cache\_npx\b8d86e6551a4f492\node_modules\jest-config\build\index.js
:2497:10)
    at resolveConfigPathByTraversing (C:\Users\Abc\AppData\Local\npm
-cache\_npx\b8d86e6551a4f492\node_modules\jest-config\build\index.js
:2497:10)
    at resolveConfigPathByTraversing (C:\Users\Abc\AppData\Local\npm
-cache\_npx\b8d86e6551a4f492\node_modules\jest-config\build\index.js
:2497:10)
    at resolveConfigPathByTraversing (C:\Users\Abc\AppData\Local\npm
-cache\_npx\b8d86e6551a4f492\node_modules\jest-config\build\index.js
:2497:10)
    at resolveConfigPath (C:\Users\Abc\AppData\Local\npm-cache\_npx\
b8d86e6551a4f492\node_modules\jest-config\build\index.js:2464:10)
    at readInitialOptions (C:\Users\Abc\AppData\Local\npm-cache\_npx
\b8d86e6551a4f492\node_modules\jest-config\build\index.js:1145:53)
    at readConfig (C:\Users\Abc\AppData\Local\npm-cache\_npx\b8d86e6
551a4f492\node_modules\jest-config\build\index.js:918:13)
    at readConfigs (C:\Users\Abc\AppData\Local\npm-cache\_npx\b8d86e
6551a4f492\node_modules\jest-config\build\index.js:1168:32)
